<?xml version="1.0" encoding="utf-8"?><testsuites name="pytest tests"><testsuite name="pytest" errors="0" failures="0" skipped="0" tests="0" time="18.165" timestamp="2026-04-29T17:01:30.378190-03:00" hostname="DESKTOP-THNT1QH" /></testsuites>